Welcome to iximiuz Labs' Ubuntu 26.04 Playground! 🚀

This is a refined Ubuntu VM, curated with tools for efficient learning and
hands-on experimenting:

- vim, fzf, ripgrep: Command-line file editing and searching.
- fx, jq, yq: Powerful JSON and YAML viewers and processors.
- curl, socat, websocat: A comprehensive networking toolkit.
- arkade: An efficient installer for additional tools you might require.

Additional services at your disposal:

* Port publishing: Showcase your app with its own public URL.
* Terminal sharing: Collaborate seamlessly by sharing your terminal session.
* registry.iximiuz.com: A private hub to push and pull container images.

Playground VMs are ephemeral and short-lived — terminating a VM purges
all data, including images in the private registry. Please, do not use
playgrounds for processing critical or sensitive information.


laborant@ubuntu-01:~$ sudo apt update
Get:1 http://security.ubuntu.com/ubuntu resolute-security InRelease [137 kB]
Hit:2 http://archive.ubuntu.com/ubuntu resolute InRelease
Get:3 http://archive.ubuntu.com/ubuntu resolute-updates InRelease [137 kB]
Get:4 http://security.ubuntu.com/ubuntu resolute-security/multiverse amd64 Packages [13.6 kB]
Get:5 http://security.ubuntu.com/ubuntu resolute-security/restricted amd64 Packages [549 kB]
Get:6 http://security.ubuntu.com/ubuntu resolute-security/universe amd64 Packages [236 kB]
Get:7 http://archive.ubuntu.com/ubuntu resolute-backports InRelease [137 kB] 
Get:8 http://security.ubuntu.com/ubuntu resolute-security/main amd64 Packages [673 kB]
Get:9 http://archive.ubuntu.com/ubuntu resolute-updates/multiverse amd64 Packages [14.9 kB]
Get:10 http://archive.ubuntu.com/ubuntu resolute-updates/main amd64 Packages [848 kB]
Get:11 http://archive.ubuntu.com/ubuntu resolute-updates/restricted amd64 Packages [568 kB]
Get:12 http://archive.ubuntu.com/ubuntu resolute-updates/universe amd64 Packages [398 kB]
Fetched 3711 kB in 3s (1156 kB/s)                         
83 packages can be upgraded. Run 'apt list --upgradable' to see them.
laborant@ubuntu-01:~$ sudo apt install golang
Installing:                     
  golang

Installing dependencies:
  binutils                   g++                      gcc-15-x86-64-linux-gnu  golang-go      libgcc-15-dev  libmpc3           libubsan1
  binutils-common            g++-15                   gcc-x86-64-linux-gnu     golang-src     libgomp1       libmpfr6          pkgconf
  binutils-x86-64-linux-gnu  g++-15-x86-64-linux-gnu  golang-1.26              libasan8       libgprofng0    libpkgconf7       pkgconf-bin
  cpp                        g++-x86-64-linux-gnu     golang-1.26-doc          libbinutils    libhwasan0     libquadmath0
  cpp-15                     gcc                      golang-1.26-go           libcc1-0       libisl23       libsframe3
  cpp-15-x86-64-linux-gnu    gcc-15                   golang-1.26-src          libctf-nobfd0  libitm1        libstdc++-15-dev
  cpp-x86-64-linux-gnu       gcc-15-base              golang-doc               libctf0        liblsan0       libtsan2

Suggested packages:
  binutils-doc   cpp-doc         g++-multilib     gcc-multilib  libtool  gdb              gdb-x86-64-linux-gnu  mercurial
  gprofng-gui    gcc-15-locales  g++-15-multilib  autoconf      flex     gcc-doc          bzr                   subversion
  binutils-gold  cpp-15-doc      gcc-15-doc       automake      bison    gcc-15-multilib  | brz                 libstdc++-15-doc

Summary:
  Upgrading: 0, Installing: 46, Removing: 0, Not Upgrading: 83
  Download size: 120 MB
  Space needed: 494 MB / 78.3 GB available

Continue? [Y/n] y
Get:1 http://archive.ubuntu.com/ubuntu resolute/main amd64 libsframe3 amd64 2.46-3ubuntu2 [20.6 kB]
Get:2 http://archive.ubuntu.com/ubuntu resolute/main amd64 binutils-common amd64 2.46-3ubuntu2 [222 kB]
Get:3 http://archive.ubuntu.com/ubuntu resolute/main amd64 libbinutils amd64 2.46-3ubuntu2 [602 kB]
Get:4 http://archive.ubuntu.com/ubuntu resolute/main amd64 libgprofng0 amd64 2.46-3ubuntu2 [898 kB]
Get:5 http://archive.ubuntu.com/ubuntu resolute/main amd64 libctf-nobfd0 amd64 2.46-3ubuntu2 [102 kB]
Get:6 http://archive.ubuntu.com/ubuntu resolute/main amd64 libctf0 amd64 2.46-3ubuntu2 [100 kB]
Get:7 http://archive.ubuntu.com/ubuntu resolute/main amd64 binutils-x86-64-linux-gnu amd64 2.46-3ubuntu2 [1150 kB]
Get:8 http://archive.ubuntu.com/ubuntu resolute/main amd64 binutils amd64 2.46-3ubuntu2 [225 kB]
Get:9 http://archive.ubuntu.com/ubuntu resolute/main amd64 gcc-15-base amd64 15.2.0-16ubuntu1 [39.0 kB]
Get:10 http://archive.ubuntu.com/ubuntu resolute/main amd64 libisl23 amd64 0.27-1build1 [691 kB]
Get:11 http://archive.ubuntu.com/ubuntu resolute/main amd64 libmpfr6 amd64 4.2.2-3 [361 kB]
Get:12 http://archive.ubuntu.com/ubuntu resolute/main amd64 libmpc3 amd64 1.3.1-3 [54.6 kB]
Get:13 http://archive.ubuntu.com/ubuntu resolute/main amd64 cpp-15-x86-64-linux-gnu amd64 15.2.0-16ubuntu1 [12.9 MB]
Get:14 http://archive.ubuntu.com/ubuntu resolute/main amd64 cpp-15 amd64 15.2.0-16ubuntu1 [1030 B]
Get:15 http://archive.ubuntu.com/ubuntu resolute/main amd64 cpp-x86-64-linux-gnu amd64 4:15.2.0-5ubuntu1 [5840 B]
Get:16 http://archive.ubuntu.com/ubuntu resolute/main amd64 cpp amd64 4:15.2.0-5ubuntu1 [22.4 kB]
Get:17 http://archive.ubuntu.com/ubuntu resolute/main amd64 libcc1-0 amd64 16-20260322-1ubuntu1 [51.2 kB]
Get:18 http://archive.ubuntu.com/ubuntu resolute/main amd64 libgomp1 amd64 16-20260322-1ubuntu1 [162 kB]
Get:19 http://archive.ubuntu.com/ubuntu resolute/main amd64 libitm1 amd64 16-20260322-1ubuntu1 [30.0 kB]
Get:20 http://archive.ubuntu.com/ubuntu resolute/main amd64 libasan8 amd64 16-20260322-1ubuntu1 [3184 kB]
Get:21 http://archive.ubuntu.com/ubuntu resolute/main amd64 liblsan0 amd64 16-20260322-1ubuntu1 [1394 kB]
Get:22 http://archive.ubuntu.com/ubuntu resolute/main amd64 libtsan2 amd64 16-20260322-1ubuntu1 [2849 kB]
Get:23 http://archive.ubuntu.com/ubuntu resolute/main amd64 libubsan1 amd64 16-20260322-1ubuntu1 [1240 kB]
Get:24 http://archive.ubuntu.com/ubuntu resolute/main amd64 libhwasan0 amd64 16-20260322-1ubuntu1 [1731 kB]
Get:25 http://archive.ubuntu.com/ubuntu resolute/main amd64 libquadmath0 amd64 16-20260322-1ubuntu1 [155 kB]
Get:26 http://archive.ubuntu.com/ubuntu resolute/main amd64 libgcc-15-dev amd64 15.2.0-16ubuntu1 [2866 kB]
Get:27 http://archive.ubuntu.com/ubuntu resolute/main amd64 gcc-15-x86-64-linux-gnu amd64 15.2.0-16ubuntu1 [25.4 MB]
Get:28 http://archive.ubuntu.com/ubuntu resolute/main amd64 gcc-15 amd64 15.2.0-16ubuntu1 [539 kB]
Get:29 http://archive.ubuntu.com/ubuntu resolute/main amd64 gcc-x86-64-linux-gnu amd64 4:15.2.0-5ubuntu1 [1208 B]
Get:30 http://archive.ubuntu.com/ubuntu resolute/main amd64 gcc amd64 4:15.2.0-5ubuntu1 [5010 B]
Get:31 http://archive.ubuntu.com/ubuntu resolute/main amd64 libstdc++-15-dev amd64 15.2.0-16ubuntu1 [2920 kB]
Get:32 http://archive.ubuntu.com/ubuntu resolute/main amd64 g++-15-x86-64-linux-gnu amd64 15.2.0-16ubuntu1 [14.4 MB]
Get:33 http://archive.ubuntu.com/ubuntu resolute/main amd64 g++-15 amd64 15.2.0-16ubuntu1 [26.7 kB]                                                      
Get:34 http://archive.ubuntu.com/ubuntu resolute/main amd64 g++-x86-64-linux-gnu amd64 4:15.2.0-5ubuntu1 [968 B]                                         
Get:35 http://archive.ubuntu.com/ubuntu resolute/main amd64 g++ amd64 4:15.2.0-5ubuntu1 [1100 B]                                                         
Get:36 http://archive.ubuntu.com/ubuntu resolute/main amd64 golang-1.26-doc all 1.26.0-1 [113 kB]                                                        
Get:37 http://archive.ubuntu.com/ubuntu resolute/main amd64 golang-1.26-src all 1.26.0-1 [24.3 MB]                                                       
Get:38 http://archive.ubuntu.com/ubuntu resolute/main amd64 golang-1.26-go amd64 1.26.0-1 [20.9 MB]                                                      
Get:39 http://archive.ubuntu.com/ubuntu resolute/main amd64 golang-1.26 all 1.26.0-1 [5268 B]                                                            
Get:40 http://archive.ubuntu.com/ubuntu resolute/main amd64 golang-src all 2:1.26~1 [3938 B]                                                             
Get:41 http://archive.ubuntu.com/ubuntu resolute/main amd64 golang-go amd64 2:1.26~1 [38.8 kB]                                                           
Get:42 http://archive.ubuntu.com/ubuntu resolute/main amd64 golang-doc all 2:1.26~1 [2788 B]                                                             
Get:43 http://archive.ubuntu.com/ubuntu resolute/main amd64 golang amd64 2:1.26~1 [2730 B]                                                               
Get:44 http://archive.ubuntu.com/ubuntu resolute/main amd64 libpkgconf7 amd64 2.5.1-4 [38.8 kB]                                                          
Get:45 http://archive.ubuntu.com/ubuntu resolute/main amd64 pkgconf-bin amd64 2.5.1-4 [22.7 kB]                                                          
Get:46 http://archive.ubuntu.com/ubuntu resolute/main amd64 pkgconf amd64 2.5.1-4 [20.0 kB]                                                              
Fetched 120 MB in 11s (10.5 MB/s)                                                                                                                        
debconf: unable to initialize frontend: Dialog
debconf: (No usable dialog-like program is installed, so the dialog based frontend cannot be used. at /usr/share/perl5/Debconf/FrontEnd/Dialog.pm line 79, <STDIN> line 46.)
debconf: falling back to frontend: Readline
Extracting templates from packages: 100%
Selecting previously unselected package libsframe3:amd64.
(Reading database ... 39645 files and directories currently installed.)
Preparing to unpack .../00-libsframe3_2.46-3ubuntu2_amd64.deb ...
Unpacking libsframe3:amd64 (2.46-3ubuntu2) ...
Selecting previously unselected package binutils-common:amd64.
Preparing to unpack .../01-binutils-common_2.46-3ubuntu2_amd64.deb ...
Unpacking binutils-common:amd64 (2.46-3ubuntu2) ...
Selecting previously unselected package libbinutils:amd64.
Preparing to unpack .../02-libbinutils_2.46-3ubuntu2_amd64.deb ...
Unpacking libbinutils:amd64 (2.46-3ubuntu2) ...
Selecting previously unselected package libgprofng0:amd64.
Preparing to unpack .../03-libgprofng0_2.46-3ubuntu2_amd64.deb ...
Unpacking libgprofng0:amd64 (2.46-3ubuntu2) ...
Selecting previously unselected package libctf-nobfd0:amd64.
Preparing to unpack .../04-libctf-nobfd0_2.46-3ubuntu2_amd64.deb ...
Unpacking libctf-nobfd0:amd64 (2.46-3ubuntu2) ...
Selecting previously unselected package libctf0:amd64.
Preparing to unpack .../05-libctf0_2.46-3ubuntu2_amd64.deb ...
Unpacking libctf0:amd64 (2.46-3ubuntu2) ...
Selecting previously unselected package binutils-x86-64-linux-gnu.
Preparing to unpack .../06-binutils-x86-64-linux-gnu_2.46-3ubuntu2_amd64.deb ...
Unpacking binutils-x86-64-linux-gnu (2.46-3ubuntu2) ...
Selecting previously unselected package binutils.
Preparing to unpack .../07-binutils_2.46-3ubuntu2_amd64.deb ...
Unpacking binutils (2.46-3ubuntu2) ...
Selecting previously unselected package gcc-15-base:amd64.
Preparing to unpack .../08-gcc-15-base_15.2.0-16ubuntu1_amd64.deb ...
Unpacking gcc-15-base:amd64 (15.2.0-16ubuntu1) ...
Selecting previously unselected package libisl23:amd64.
Preparing to unpack .../09-libisl23_0.27-1build1_amd64.deb ...
Unpacking libisl23:amd64 (0.27-1build1) ...
Selecting previously unselected package libmpfr6:amd64.
Preparing to unpack .../10-libmpfr6_4.2.2-3_amd64.deb ...
Unpacking libmpfr6:amd64 (4.2.2-3) ...
Selecting previously unselected package libmpc3:amd64.
Preparing to unpack .../11-libmpc3_1.3.1-3_amd64.deb ...
Unpacking libmpc3:amd64 (1.3.1-3) ...
Selecting previously unselected package cpp-15-x86-64-linux-gnu.
Preparing to unpack .../12-cpp-15-x86-64-linux-gnu_15.2.0-16ubuntu1_amd64.deb ...
Unpacking cpp-15-x86-64-linux-gnu (15.2.0-16ubuntu1) ...
Selecting previously unselected package cpp-15.
Preparing to unpack .../13-cpp-15_15.2.0-16ubuntu1_amd64.deb ...
Unpacking cpp-15 (15.2.0-16ubuntu1) ...
Selecting previously unselected package cpp-x86-64-linux-gnu.
Preparing to unpack .../14-cpp-x86-64-linux-gnu_4%3a15.2.0-5ubuntu1_amd64.deb ...
Unpacking cpp-x86-64-linux-gnu (4:15.2.0-5ubuntu1) ...
Selecting previously unselected package cpp.
Preparing to unpack .../15-cpp_4%3a15.2.0-5ubuntu1_amd64.deb ...
Unpacking cpp (4:15.2.0-5ubuntu1) ...
Selecting previously unselected package libcc1-0:amd64.
Preparing to unpack .../16-libcc1-0_16-20260322-1ubuntu1_amd64.deb ...
Unpacking libcc1-0:amd64 (16-20260322-1ubuntu1) ...
Selecting previously unselected package libgomp1:amd64.
Preparing to unpack .../17-libgomp1_16-20260322-1ubuntu1_amd64.deb ...
Unpacking libgomp1:amd64 (16-20260322-1ubuntu1) ...
Selecting previously unselected package libitm1:amd64.
Preparing to unpack .../18-libitm1_16-20260322-1ubuntu1_amd64.deb ...
Unpacking libitm1:amd64 (16-20260322-1ubuntu1) ...
Selecting previously unselected package libasan8:amd64.
Preparing to unpack .../19-libasan8_16-20260322-1ubuntu1_amd64.deb ...
Unpacking libasan8:amd64 (16-20260322-1ubuntu1) ...
Selecting previously unselected package liblsan0:amd64.
Preparing to unpack .../20-liblsan0_16-20260322-1ubuntu1_amd64.deb ...
Unpacking liblsan0:amd64 (16-20260322-1ubuntu1) ...
Selecting previously unselected package libtsan2:amd64.
Preparing to unpack .../21-libtsan2_16-20260322-1ubuntu1_amd64.deb ...
Unpacking libtsan2:amd64 (16-20260322-1ubuntu1) ...
Selecting previously unselected package libubsan1:amd64.
Preparing to unpack .../22-libubsan1_16-20260322-1ubuntu1_amd64.deb ...
Unpacking libubsan1:amd64 (16-20260322-1ubuntu1) ...
Selecting previously unselected package libhwasan0:amd64.
Preparing to unpack .../23-libhwasan0_16-20260322-1ubuntu1_amd64.deb ...
Unpacking libhwasan0:amd64 (16-20260322-1ubuntu1) ...
Selecting previously unselected package libquadmath0:amd64.
Preparing to unpack .../24-libquadmath0_16-20260322-1ubuntu1_amd64.deb ...
Unpacking libquadmath0:amd64 (16-20260322-1ubuntu1) ...
Selecting previously unselected package libgcc-15-dev:amd64.
Preparing to unpack .../25-libgcc-15-dev_15.2.0-16ubuntu1_amd64.deb ...
Unpacking libgcc-15-dev:amd64 (15.2.0-16ubuntu1) ...
Selecting previously unselected package gcc-15-x86-64-linux-gnu.
Preparing to unpack .../26-gcc-15-x86-64-linux-gnu_15.2.0-16ubuntu1_amd64.deb ...
Unpacking gcc-15-x86-64-linux-gnu (15.2.0-16ubuntu1) ...
Selecting previously unselected package gcc-15.
Preparing to unpack .../27-gcc-15_15.2.0-16ubuntu1_amd64.deb ...
Unpacking gcc-15 (15.2.0-16ubuntu1) ...
Selecting previously unselected package gcc-x86-64-linux-gnu.
Preparing to unpack .../28-gcc-x86-64-linux-gnu_4%3a15.2.0-5ubuntu1_amd64.deb ...
Unpacking gcc-x86-64-linux-gnu (4:15.2.0-5ubuntu1) ...
Selecting previously unselected package gcc.
Preparing to unpack .../29-gcc_4%3a15.2.0-5ubuntu1_amd64.deb ...
Unpacking gcc (4:15.2.0-5ubuntu1) ...
Selecting previously unselected package libstdc++-15-dev:amd64.
Preparing to unpack .../30-libstdc++-15-dev_15.2.0-16ubuntu1_amd64.deb ...
Unpacking libstdc++-15-dev:amd64 (15.2.0-16ubuntu1) ...
Selecting previously unselected package g++-15-x86-64-linux-gnu.
Preparing to unpack .../31-g++-15-x86-64-linux-gnu_15.2.0-16ubuntu1_amd64.deb ...
Unpacking g++-15-x86-64-linux-gnu (15.2.0-16ubuntu1) ...
Selecting previously unselected package g++-15.
Preparing to unpack .../32-g++-15_15.2.0-16ubuntu1_amd64.deb ...
Unpacking g++-15 (15.2.0-16ubuntu1) ...
Selecting previously unselected package g++-x86-64-linux-gnu.
Preparing to unpack .../33-g++-x86-64-linux-gnu_4%3a15.2.0-5ubuntu1_amd64.deb ...
Unpacking g++-x86-64-linux-gnu (4:15.2.0-5ubuntu1) ...
Selecting previously unselected package g++.
Preparing to unpack .../34-g++_4%3a15.2.0-5ubuntu1_amd64.deb ...
Unpacking g++ (4:15.2.0-5ubuntu1) ...
Selecting previously unselected package golang-1.26-doc.
Preparing to unpack .../35-golang-1.26-doc_1.26.0-1_all.deb ...
Unpacking golang-1.26-doc (1.26.0-1) ...
Selecting previously unselected package golang-1.26-src.
Preparing to unpack .../36-golang-1.26-src_1.26.0-1_all.deb ...
Unpacking golang-1.26-src (1.26.0-1) ...
Selecting previously unselected package golang-1.26-go.
Preparing to unpack .../37-golang-1.26-go_1.26.0-1_amd64.deb ...
Unpacking golang-1.26-go (1.26.0-1) ...
Selecting previously unselected package golang-1.26.
Preparing to unpack .../38-golang-1.26_1.26.0-1_all.deb ...
Unpacking golang-1.26 (1.26.0-1) ...
Selecting previously unselected package golang-src.
Preparing to unpack .../39-golang-src_2%3a1.26~1_all.deb ...
Unpacking golang-src (2:1.26~1) ...
Selecting previously unselected package golang-go:amd64.
Preparing to unpack .../40-golang-go_2%3a1.26~1_amd64.deb ...
Unpacking golang-go:amd64 (2:1.26~1) ...
Selecting previously unselected package golang-doc.
Preparing to unpack .../41-golang-doc_2%3a1.26~1_all.deb ...
Unpacking golang-doc (2:1.26~1) ...
Selecting previously unselected package golang:amd64.
Preparing to unpack .../42-golang_2%3a1.26~1_amd64.deb ...
Unpacking golang:amd64 (2:1.26~1) ...
Selecting previously unselected package libpkgconf7:amd64.
Preparing to unpack .../43-libpkgconf7_2.5.1-4_amd64.deb ...
Unpacking libpkgconf7:amd64 (2.5.1-4) ...
Selecting previously unselected package pkgconf-bin.
Preparing to unpack .../44-pkgconf-bin_2.5.1-4_amd64.deb ...
Unpacking pkgconf-bin (2.5.1-4) ...
Selecting previously unselected package pkgconf:amd64.
Preparing to unpack .../45-pkgconf_2.5.1-4_amd64.deb ...
Unpacking pkgconf:amd64 (2.5.1-4) ...
Setting up golang-1.26-src (1.26.0-1) ...
Setting up golang-1.26-go (1.26.0-1) ...
Setting up libpkgconf7:amd64 (2.5.1-4) ...
Setting up binutils-common:amd64 (2.46-3ubuntu2) ...
Setting up libsframe3:amd64 (2.46-3ubuntu2) ...
Setting up golang-1.26-doc (1.26.0-1) ...
Setting up libctf-nobfd0:amd64 (2.46-3ubuntu2) ...
Setting up libgomp1:amd64 (16-20260322-1ubuntu1) ...
Setting up libmpfr6:amd64 (4.2.2-3) ...
Setting up libquadmath0:amd64 (16-20260322-1ubuntu1) ...
Setting up libmpc3:amd64 (1.3.1-3) ...
Setting up golang-1.26 (1.26.0-1) ...
Setting up pkgconf-bin (2.5.1-4) ...
Setting up libubsan1:amd64 (16-20260322-1ubuntu1) ...
Setting up libhwasan0:amd64 (16-20260322-1ubuntu1) ...
Setting up libasan8:amd64 (16-20260322-1ubuntu1) ...
Setting up libtsan2:amd64 (16-20260322-1ubuntu1) ...
Setting up libbinutils:amd64 (2.46-3ubuntu2) ...
Setting up libisl23:amd64 (0.27-1build1) ...
Setting up gcc-15-base:amd64 (15.2.0-16ubuntu1) ...
Setting up golang-src (2:1.26~1) ...
Setting up libcc1-0:amd64 (16-20260322-1ubuntu1) ...
Setting up liblsan0:amd64 (16-20260322-1ubuntu1) ...
Setting up libitm1:amd64 (16-20260322-1ubuntu1) ...
Setting up libctf0:amd64 (2.46-3ubuntu2) ...
Setting up libgcc-15-dev:amd64 (15.2.0-16ubuntu1) ...
Setting up golang-go:amd64 (2:1.26~1) ...
Setting up cpp-15-x86-64-linux-gnu (15.2.0-16ubuntu1) ...
Setting up pkgconf:amd64 (2.5.1-4) ...
Setting up libgprofng0:amd64 (2.46-3ubuntu2) ...
Setting up libstdc++-15-dev:amd64 (15.2.0-16ubuntu1) ...
Setting up cpp-15 (15.2.0-16ubuntu1) ...
Setting up golang-doc (2:1.26~1) ...
Setting up binutils-x86-64-linux-gnu (2.46-3ubuntu2) ...
Setting up cpp-x86-64-linux-gnu (4:15.2.0-5ubuntu1) ...
Setting up golang:amd64 (2:1.26~1) ...
Setting up binutils (2.46-3ubuntu2) ...
Setting up gcc-15-x86-64-linux-gnu (15.2.0-16ubuntu1) ...
Setting up gcc-15 (15.2.0-16ubuntu1) ...
Setting up cpp (4:15.2.0-5ubuntu1) ...
Setting up g++-15-x86-64-linux-gnu (15.2.0-16ubuntu1) ...
Setting up gcc-x86-64-linux-gnu (4:15.2.0-5ubuntu1) ...
Setting up gcc (4:15.2.0-5ubuntu1) ...
Setting up g++-x86-64-linux-gnu (4:15.2.0-5ubuntu1) ...
Setting up g++-15 (15.2.0-16ubuntu1) ...
Setting up g++ (4:15.2.0-5ubuntu1) ...
update-alternatives: using /usr/bin/g++ to provide /usr/bin/c++ (c++) in auto mode
Processing triggers for man-db (2.13.1-1build1) ...
Processing triggers for libc-bin (2.43-2ubuntu2.3) ...
laborant@ubuntu-01:~$ go version
go version go1.26.0 linux/amd64
laborant@ubuntu-01:~$ 