~ > cd github.com/
github.com > ls
golang		hashicorp	k1LoW		karuppiah7890	nats-io
github.com > mkdir reliaburger
github.com > cd reliaburger/
reliaburger > g clone https://github.com/reliaburger/reliaburger
Cloning into 'reliaburger'...
remote: Enumerating objects: 21917, done.
remote: Counting objects: 100% (49/49), done.
remote: Compressing objects: 100% (37/37), done.
remote: Total 21917 (delta 11), reused 28 (delta 9), pack-reused 21868 (from 1)
Receiving objects: 100% (21917/21917), 15.06 MiB | 16.82 MiB/s, done.
Resolving deltas: 100% (17677/17677), done.
reliaburger > rust
-bash: rust: command not found
reliaburger > curl --proto '=https' --tlsv1.2 -sSf https://sh.rustup.rs | sh
info: downloading installer
warn: it looks like you have an existing rustup settings file at:
warn: /Users/kp/.rustup/settings.toml

Welcome to Rust!

This will download and install the official compiler for the Rust
programming language, and its package manager, Cargo.

Rustup metadata and toolchains will be installed into the Rustup
home directory, located at:

  /Users/kp/.rustup

This can be modified with the RUSTUP_HOME environment variable.

The Cargo home directory is located at:

  /Users/kp/.cargo

This can be modified with the CARGO_HOME environment variable.

The cargo, rustc, rustup and other commands will be added to
Cargo's bin directory, located at:

  /Users/kp/.cargo/bin

This path will then be added to your PATH environment variable by
modifying the profile files located at:

  /Users/kp/.profile
  /Users/kp/.bash_profile
  /Users/kp/.bashrc
  /Users/kp/.zshenv
  /Users/kp/.tcshrc

You can uninstall at any time with rustup self uninstall and
these changes will be reverted.

Current installation options:


    default host tuple: aarch64-apple-darwin
     default toolchain: stable (default)
               profile: default
  modify PATH variable: yes

1) Proceed with standard installation (default - just press enter)
2) Customize installation
3) Cancel installation
>

info: profile set to default
info: default host tuple is aarch64-apple-darwin
warn: Updating existing toolchain, profile choice will be ignored
info: syncing channel updates for stable-aarch64-apple-darwin
info: default toolchain set to stable-aarch64-apple-darwin

  stable-aarch64-apple-darwin unchanged - rustc 1.98.1 (48a229cea 2026-09-01)


Rust is installed now. Great!

To get started you may need to restart your current shell.
This would reload your PATH environment variable to include
Cargo's bin directory ($HOME/.cargo/bin).

To configure your current shell, you need to source the
corresponding env file under $HOME/.cargo.

Consider running the right command for your shell (note the leading DOT):
. "$HOME/.cargo/env"           # For sh/ash/dash/pdksh/bash/zsh
source "$HOME/.cargo/env.tcsh" # For tcsh
reliaburger > 
Last login: Thu Oct  1 11:20:38 on ttys003
reliaburger > rust
rust-analyzer  rust-gdbgui    rustc          rustfmt        
rust-gdb       rust-lldb      rustdoc        rustup         
reliaburger > rustc --version
rustc 1.98.1 (48a229cea 2026-09-01)
reliaburger > rustup --version
rustup 1.29.1 (d95a37b6a 2026-08-13)
info: This is the version for the rustup toolchain manager, not the rustc compiler.
info: the currently active `rustc` version is `rustc 1.98.1 (48a229cea 2026-09-01)`
reliaburger > 
